// Jest Snapshot v1, https://goo.gl/fbAQLP

exports[`creates all material: all material bins 1`] = `
Immutable.Map {
  "Pallet 8 (Machine #3)": Array [
    Object {
      "Action": Object {
        "ElapsedMachiningTime": "PT10M",
        "ExpectedRemainingMachiningTime": "PT45M",
        "LoadOntoFace": undefined,
        "LoadOntoPallet": undefined,
        "PathAfterLoad": undefined,
        "ProcessAfterLoad": undefined,
        "Program": "prog-xxx",
        "Type": "Machining",
        "UnloadIntoQueue": undefined,
      },
      "JobUnique": "xxx-offline-2018-01-01",
      "Location": Object {
        "CurrentQueue": undefined,
        "Face": 1,
        "Pallet": "8",
        "QueuePosition": undefined,
        "Type": "OnPallet",
      },
      "MaterialID": 103335,
      "PartName": "xxx",
      "Path": 1,
      "Process": 1,
      "Serial": "MZTGU",
      "SignaledInspections": Array [],
      "WorkorderId": undefined,
    },
  ],
  "Queue1": Array [
    Object {
      "Action": Object {
        "ElapsedMachiningTime": undefined,
        "ExpectedRemainingMachiningTime": undefined,
        "LoadOntoFace": undefined,
        "LoadOntoPallet": undefined,
        "PathAfterLoad": undefined,
        "ProcessAfterLoad": undefined,
        "Program": undefined,
        "Type": "Waiting",
        "UnloadIntoQueue": undefined,
      },
      "JobUnique": "aaa-offline-2018-01-01",
      "Location": Object {
        "CurrentQueue": "Queue1",
        "Face": undefined,
        "Pallet": undefined,
        "QueuePosition": 0,
        "Type": "InQueue",
      },
      "MaterialID": 104289,
      "PartName": "aaa",
      "Path": 1,
      "Process": 1,
      "Serial": "MRYHE",
      "SignaledInspections": Array [],
      "WorkorderId": undefined,
    },
    Object {
      "Action": Object {
        "ElapsedMachiningTime": undefined,
        "ExpectedRemainingMachiningTime": undefined,
        "LoadOntoFace": undefined,
        "LoadOntoPallet": undefined,
        "PathAfterLoad": undefined,
        "ProcessAfterLoad": undefined,
        "Program": undefined,
        "Type": "Waiting",
        "UnloadIntoQueue": undefined,
      },
      "JobUnique": "xxx-offline-2018-01-01",
      "Location": Object {
        "CurrentQueue": "Queue1",
        "Face": undefined,
        "Pallet": undefined,
        "QueuePosition": 1,
        "Type": "InQueue",
      },
      "MaterialID": 104458,
      "PartName": "xxx",
      "Path": 1,
      "Process": 1,
      "Serial": "NBVHA",
      "SignaledInspections": Array [],
      "WorkorderId": undefined,
    },
    Object {
      "Action": Object {
        "ElapsedMachiningTime": undefined,
        "ExpectedRemainingMachiningTime": undefined,
        "LoadOntoFace": 1,
        "LoadOntoPallet": "5",
        "PathAfterLoad": 1,
        "ProcessAfterLoad": 1,
        "Program": undefined,
        "Type": "Loading",
        "UnloadIntoQueue": undefined,
      },
      "JobUnique": "zzz-offline-2018-01-01",
      "Location": Object {
        "CurrentQueue": "Queue1",
        "Face": undefined,
        "Pallet": undefined,
        "QueuePosition": 2,
        "Type": "InQueue",
      },
      "MaterialID": 102304,
      "PartName": "zzz",
      "Path": 1,
      "Process": 1,
      "Serial": "MZQGQ",
      "SignaledInspections": Array [],
      "WorkorderId": undefined,
    },
  ],
  "Queue2": Array [
    Object {
      "Action": Object {
        "ElapsedMachiningTime": undefined,
        "ExpectedRemainingMachiningTime": undefined,
        "LoadOntoFace": undefined,
        "LoadOntoPallet": undefined,
        "PathAfterLoad": undefined,
        "ProcessAfterLoad": undefined,
        "Program": undefined,
        "Type": "Waiting",
        "UnloadIntoQueue": undefined,
      },
      "JobUnique": "ccc-offline-2018-01-01",
      "Location": Object {
        "CurrentQueue": "Queue2",
        "Face": undefined,
        "Pallet": undefined,
        "QueuePosition": 0,
        "Type": "InQueue",
      },
      "MaterialID": 104824,
      "PartName": "ccc",
      "Path": 1,
      "Process": 1,
      "Serial": "OBSGQ",
      "SignaledInspections": Array [],
      "WorkorderId": undefined,
    },
    Object {
      "Action": Object {
        "ElapsedMachiningTime": undefined,
        "ExpectedRemainingMachiningTime": undefined,
        "LoadOntoFace": undefined,
        "LoadOntoPallet": undefined,
        "PathAfterLoad": undefined,
        "ProcessAfterLoad": undefined,
        "Program": undefined,
        "Type": "Waiting",
        "UnloadIntoQueue": undefined,
      },
      "JobUnique": "zzz-offline-2018-01-01",
      "Location": Object {
        "CurrentQueue": "Queue2",
        "Face": undefined,
        "Pallet": undefined,
        "QueuePosition": 1,
        "Type": "InQueue",
      },
      "MaterialID": 105125,
      "PartName": "zzz",
      "Path": 1,
      "Process": 1,
      "Serial": "MJSGU",
      "SignaledInspections": Array [],
      "WorkorderId": undefined,
    },
  ],
  "Pallet 7 (Machine #2)": Array [
    Object {
      "Action": Object {
        "ElapsedMachiningTime": undefined,
        "ExpectedRemainingMachiningTime": undefined,
        "LoadOntoFace": undefined,
        "LoadOntoPallet": undefined,
        "PathAfterLoad": undefined,
        "ProcessAfterLoad": undefined,
        "Program": undefined,
        "Type": "Waiting",
        "UnloadIntoQueue": undefined,
      },
      "JobUnique": "yyy-offline-2018-01-01",
      "Location": Object {
        "CurrentQueue": undefined,
        "Face": 1,
        "Pallet": "7",
        "QueuePosition": undefined,
        "Type": "OnPallet",
      },
      "MaterialID": 102715,
      "PartName": "yyy",
      "Path": 1,
      "Process": 1,
      "Serial": "NZRGU",
      "SignaledInspections": Array [],
      "WorkorderId": undefined,
    },
    Object {
      "Action": Object {
        "ElapsedMachiningTime": undefined,
        "ExpectedRemainingMachiningTime": undefined,
        "LoadOntoFace": undefined,
        "LoadOntoPallet": undefined,
        "PathAfterLoad": undefined,
        "ProcessAfterLoad": undefined,
        "Program": undefined,
        "Type": "Waiting",
        "UnloadIntoQueue": undefined,
      },
      "JobUnique": "yyy-offline-2018-01-01",
      "Location": Object {
        "CurrentQueue": undefined,
        "Face": 1,
        "Pallet": "7",
        "QueuePosition": undefined,
        "Type": "OnPallet",
      },
      "MaterialID": 103096,
      "PartName": "yyy",
      "Path": 1,
      "Process": 1,
      "Serial": "MBZGY",
      "SignaledInspections": Array [],
      "WorkorderId": undefined,
    },
  ],
  "Pallet 6 (Machine #2)": Array [
    Object {
      "Action": Object {
        "ElapsedMachiningTime": "PT10M",
        "ExpectedRemainingMachiningTime": "PT50M",
        "LoadOntoFace": undefined,
        "LoadOntoPallet": undefined,
        "PathAfterLoad": undefined,
        "ProcessAfterLoad": undefined,
        "Program": "prog-zzz",
        "Type": "Machining",
        "UnloadIntoQueue": undefined,
      },
      "JobUnique": "zzz-offline-2018-01-01",
      "Location": Object {
        "CurrentQueue": undefined,
        "Face": 1,
        "Pallet": "6",
        "QueuePosition": undefined,
        "Type": "OnPallet",
      },
      "MaterialID": 102431,
      "PartName": "zzz",
      "Path": 1,
      "Process": 1,
      "Serial": "NBTGE",
      "SignaledInspections": Array [],
      "WorkorderId": undefined,
    },
  ],
  "Pallet 4 (Machine #1)": Array [
    Object {
      "Action": Object {
        "ElapsedMachiningTime": undefined,
        "ExpectedRemainingMachiningTime": undefined,
        "LoadOntoFace": undefined,
        "LoadOntoPallet": undefined,
        "PathAfterLoad": undefined,
        "ProcessAfterLoad": undefined,
        "Program": undefined,
        "Type": "Waiting",
        "UnloadIntoQueue": undefined,
      },
      "JobUnique": "ccc-offline-2018-01-01",
      "Location": Object {
        "CurrentQueue": undefined,
        "Face": 1,
        "Pallet": "4",
        "QueuePosition": undefined,
        "Type": "OnPallet",
      },
      "MaterialID": 101662,
      "PartName": "ccc",
      "Path": 1,
      "Process": 1,
      "Serial": "NRWGI",
      "SignaledInspections": Array [],
      "WorkorderId": undefined,
    },
    Object {
      "Action": Object {
        "ElapsedMachiningTime": "PT10M",
        "ExpectedRemainingMachiningTime": "PT20M",
        "LoadOntoFace": undefined,
        "LoadOntoPallet": undefined,
        "PathAfterLoad": undefined,
        "ProcessAfterLoad": undefined,
        "Program": "prog-ccc-2",
        "Type": "Machining",
        "UnloadIntoQueue": undefined,
      },
      "JobUnique": "ccc-offline-2018-01-01",
      "Location": Object {
        "CurrentQueue": undefined,
        "Face": 2,
        "Pallet": "4",
        "QueuePosition": undefined,
        "Type": "OnPallet",
      },
      "MaterialID": 101805,
      "PartName": "ccc",
      "Path": 1,
      "Process": 2,
      "Serial": "OBQGU",
      "SignaledInspections": Array [],
      "WorkorderId": undefined,
    },
  ],
  "Pallet 5 (L/U #2)": Array [
    Object {
      "Action": Object {
        "ElapsedMachiningTime": undefined,
        "ExpectedRemainingMachiningTime": undefined,
        "LoadOntoFace": undefined,
        "LoadOntoPallet": undefined,
        "PathAfterLoad": undefined,
        "ProcessAfterLoad": undefined,
        "Program": undefined,
        "Type": "UnloadToCompletedMaterial",
        "UnloadIntoQueue": undefined,
      },
      "JobUnique": "xxx-offline-2018-01-01",
      "Location": Object {
        "CurrentQueue": undefined,
        "Face": 1,
        "Pallet": "5",
        "QueuePosition": undefined,
        "Type": "OnPallet",
      },
      "MaterialID": 102097,
      "PartName": "xxx",
      "Path": 1,
      "Process": 1,
      "Serial": "MBZG4",
      "SignaledInspections": Array [],
      "WorkorderId": undefined,
    },
  ],
  "Pallet 1 (L/U #1)": Array [
    Object {
      "Action": Object {
        "ElapsedMachiningTime": undefined,
        "ExpectedRemainingMachiningTime": undefined,
        "LoadOntoFace": 2,
        "LoadOntoPallet": "1",
        "PathAfterLoad": 1,
        "ProcessAfterLoad": 2,
        "Program": undefined,
        "Type": "Loading",
        "UnloadIntoQueue": undefined,
      },
      "JobUnique": "aaa-offline-2018-01-01",
      "Location": Object {
        "CurrentQueue": undefined,
        "Face": 1,
        "Pallet": "1",
        "QueuePosition": undefined,
        "Type": "OnPallet",
      },
      "MaterialID": 100432,
      "PartName": "aaa",
      "Path": 1,
      "Process": 1,
      "Serial": "NBTGI",
      "SignaledInspections": Array [],
      "WorkorderId": undefined,
    },
    Object {
      "Action": Object {
        "ElapsedMachiningTime": undefined,
        "ExpectedRemainingMachiningTime": undefined,
        "LoadOntoFace": undefined,
        "LoadOntoPallet": undefined,
        "PathAfterLoad": undefined,
        "ProcessAfterLoad": undefined,
        "Program": undefined,
        "Type": "UnloadToCompletedMaterial",
        "UnloadIntoQueue": undefined,
      },
      "JobUnique": "aaa-offline-2018-01-01",
      "Location": Object {
        "CurrentQueue": undefined,
        "Face": 2,
        "Pallet": "1",
        "QueuePosition": undefined,
        "Type": "OnPallet",
      },
      "MaterialID": 100316,
      "PartName": "aaa",
      "Path": 1,
      "Process": 2,
      "Serial": "MZRGY",
      "SignaledInspections": Array [],
      "WorkorderId": undefined,
    },
  ],
  "Pallet 2 (Cart #1)": Array [
    Object {
      "Action": Object {
        "ElapsedMachiningTime": undefined,
        "ExpectedRemainingMachiningTime": undefined,
        "LoadOntoFace": undefined,
        "LoadOntoPallet": undefined,
        "PathAfterLoad": undefined,
        "ProcessAfterLoad": undefined,
        "Program": undefined,
        "Type": "Waiting",
        "UnloadIntoQueue": undefined,
      },
      "JobUnique": "bbb-offline-2018-01-01",
      "Location": Object {
        "CurrentQueue": undefined,
        "Face": 1,
        "Pallet": "2",
        "QueuePosition": undefined,
        "Type": "OnPallet",
      },
      "MaterialID": 101015,
      "PartName": "bbb",
      "Path": 1,
      "Process": 1,
      "Serial": "MBRGU",
      "SignaledInspections": Array [],
      "WorkorderId": undefined,
    },
    Object {
      "Action": Object {
        "ElapsedMachiningTime": undefined,
        "ExpectedRemainingMachiningTime": undefined,
        "LoadOntoFace": undefined,
        "LoadOntoPallet": undefined,
        "PathAfterLoad": undefined,
        "ProcessAfterLoad": undefined,
        "Program": undefined,
        "Type": "Waiting",
        "UnloadIntoQueue": undefined,
      },
      "JobUnique": "bbb-offline-2018-01-01",
      "Location": Object {
        "CurrentQueue": undefined,
        "Face": 2,
        "Pallet": "2",
        "QueuePosition": undefined,
        "Type": "OnPallet",
      },
      "MaterialID": 101266,
      "PartName": "bbb",
      "Path": 1,
      "Process": 2,
      "Serial": "MRWGY",
      "SignaledInspections": Array [],
      "WorkorderId": undefined,
    },
  ],
  "Raw Material": Array [
    Object {
      "Action": Object {
        "ElapsedMachiningTime": undefined,
        "ExpectedRemainingMachiningTime": undefined,
        "LoadOntoFace": 1,
        "LoadOntoPallet": "1",
        "PathAfterLoad": 1,
        "ProcessAfterLoad": 1,
        "Program": undefined,
        "Type": "Loading",
        "UnloadIntoQueue": undefined,
      },
      "JobUnique": "aaa-offline-2018-01-01",
      "Location": Object {
        "CurrentQueue": undefined,
        "Face": undefined,
        "Pallet": undefined,
        "QueuePosition": undefined,
        "Type": "Free",
      },
      "MaterialID": 100663,
      "PartName": "bbb",
      "Path": 1,
      "Process": 1,
      "Serial": "NRWGM",
      "SignaledInspections": Array [],
      "WorkorderId": undefined,
    },
  ],
}
`;
