// Jest Snapshot v1, https://goo.gl/fbAQLP

exports[`computes part costs: cost calcs 1`] = `
Array [
  Object {
    "labor_cost": 1562294.3656762422,
    "machine_cost": 6.929136805545788,
    "material_cost": 15,
    "part": "aaa",
    "parts_completed": 838,
  },
  Object {
    "labor_cost": 1794709.762051535,
    "machine_cost": 8.860220241155993,
    "material_cost": 19,
    "part": "bbb",
    "parts_completed": 961,
  },
  Object {
    "labor_cost": 1804353.5544322524,
    "machine_cost": 20.661752495293378,
    "material_cost": 0,
    "part": "ccc",
    "parts_completed": 975,
  },
  Object {
    "labor_cost": 637454.6763654297,
    "machine_cost": 8.798728066881223,
    "material_cost": 0,
    "part": "xxx",
    "parts_completed": 658,
  },
  Object {
    "labor_cost": 1629800.9123412648,
    "machine_cost": 32.235649122922915,
    "material_cost": 0,
    "part": "yyy",
    "parts_completed": 844,
  },
  Object {
    "labor_cost": 393466.7291332758,
    "machine_cost": 23.939170802447425,
    "material_cost": 0,
    "part": "zzz",
    "parts_completed": 407,
  },
]
`;
