// Jest Snapshot v1, https://goo.gl/fbAQLP

exports[`bins actual cycles by day: cycles binned by day and part 1`] = `
Map {
  "DayAndPart {
  \\"day\\": 2018-03-05T06:00:00.000Z,
  \\"part\\": \\"part4-1\\",
}" => Object {
    "activeMachineMins": 30,
    "count": 1,
  },
  "DayAndPart {
  \\"day\\": 2018-03-04T06:00:00.000Z,
  \\"part\\": \\"partk-3\\",
}" => Object {
    "activeMachineMins": 15,
    "count": 1,
  },
  "DayAndPart {
  \\"day\\": 2018-03-04T06:00:00.000Z,
  \\"part\\": \\"partm-2\\",
}" => Object {
    "activeMachineMins": 20,
    "count": 1,
  },
}
`;

exports[`build completed series: clipboard table 1`] = `
<div>
  <table>
    

    <thead>
      <tr>
        <th>
          Part
        </th>
        <th>
          7/31/2018 Actual
        </th>
        <th>
          7/31/2018 Planned
        </th>
        <th>
          8/1/2018 Actual
        </th>
        <th>
          8/1/2018 Planned
        </th>
        <th>
          8/2/2018 Actual
        </th>
        <th>
          8/2/2018 Planned
        </th>
        <th>
          8/3/2018 Actual
        </th>
        <th>
          8/3/2018 Planned
        </th>
        <th>
          8/4/2018 Actual
        </th>
        <th>
          8/4/2018 Planned
        </th>
        <th>
          8/5/2018 Actual
        </th>
        <th>
          8/5/2018 Planned
        </th>
      </tr>
    </thead>
    

    <tbody>
      

      <tr>
        <td>
          aaa-1
        </td>
        <td>
          13
        </td>
        <td>
          0
        </td>
        <td>
          13
        </td>
        <td>
          0
        </td>
        <td>
          12
        </td>
        <td>
          0
        </td>
        <td>
          15
        </td>
        <td>
          0
        </td>
        <td>
          20
        </td>
        <td>
          0
        </td>
        <td>
          15
        </td>
        <td>
          0
        </td>
      </tr>
      

      <tr>
        <td>
          aaa-2
        </td>
        <td>
          13
        </td>
        <td>
          0
        </td>
        <td>
          13
        </td>
        <td>
          0
        </td>
        <td>
          12
        </td>
        <td>
          0
        </td>
        <td>
          15
        </td>
        <td>
          0
        </td>
        <td>
          20
        </td>
        <td>
          0
        </td>
        <td>
          15
        </td>
        <td>
          0
        </td>
      </tr>
      

      <tr>
        <td>
          bbb-1
        </td>
        <td>
          18
        </td>
        <td>
          0
        </td>
        <td>
          19
        </td>
        <td>
          0
        </td>
        <td>
          24
        </td>
        <td>
          0
        </td>
        <td>
          21
        </td>
        <td>
          0
        </td>
        <td>
          18
        </td>
        <td>
          0
        </td>
        <td>
          0
        </td>
        <td>
          0
        </td>
      </tr>
      

      <tr>
        <td>
          bbb-2
        </td>
        <td>
          18
        </td>
        <td>
          0
        </td>
        <td>
          19
        </td>
        <td>
          0
        </td>
        <td>
          24
        </td>
        <td>
          0
        </td>
        <td>
          21
        </td>
        <td>
          0
        </td>
        <td>
          18
        </td>
        <td>
          0
        </td>
        <td>
          0
        </td>
        <td>
          0
        </td>
      </tr>
      

      <tr>
        <td>
          ccc-1
        </td>
        <td>
          19
        </td>
        <td>
          0
        </td>
        <td>
          20
        </td>
        <td>
          0
        </td>
        <td>
          21
        </td>
        <td>
          0
        </td>
        <td>
          18
        </td>
        <td>
          0
        </td>
        <td>
          16
        </td>
        <td>
          0
        </td>
        <td>
          0
        </td>
        <td>
          0
        </td>
      </tr>
      

      <tr>
        <td>
          ccc-2
        </td>
        <td>
          19
        </td>
        <td>
          0
        </td>
        <td>
          20
        </td>
        <td>
          0
        </td>
        <td>
          20
        </td>
        <td>
          0
        </td>
        <td>
          19
        </td>
        <td>
          0
        </td>
        <td>
          16
        </td>
        <td>
          0
        </td>
        <td>
          0
        </td>
        <td>
          0
        </td>
      </tr>
      

      <tr>
        <td>
          xxx-1
        </td>
        <td>
          23
        </td>
        <td>
          0
        </td>
        <td>
          25
        </td>
        <td>
          0
        </td>
        <td>
          26
        </td>
        <td>
          0
        </td>
        <td>
          23
        </td>
        <td>
          0
        </td>
        <td>
          29
        </td>
        <td>
          0
        </td>
        <td>
          48
        </td>
        <td>
          0
        </td>
      </tr>
      

      <tr>
        <td>
          yyy-1
        </td>
        <td>
          26
        </td>
        <td>
          0
        </td>
        <td>
          30
        </td>
        <td>
          0
        </td>
        <td>
          28
        </td>
        <td>
          0
        </td>
        <td>
          26
        </td>
        <td>
          0
        </td>
        <td>
          30
        </td>
        <td>
          0
        </td>
        <td>
          40
        </td>
        <td>
          0
        </td>
      </tr>
      

      <tr>
        <td>
          zzz-1
        </td>
        <td>
          10
        </td>
        <td>
          0
        </td>
        <td>
          9
        </td>
        <td>
          0
        </td>
        <td>
          9
        </td>
        <td>
          0
        </td>
        <td>
          9
        </td>
        <td>
          0
        </td>
        <td>
          9
        </td>
        <td>
          0
        </td>
        <td>
          13
        </td>
        <td>
          0
        </td>
      </tr>
      

    </tbody>
    

  </table>
</div>
`;

exports[`build completed series: completed part series 1`] = `
Array [
  Object {
    "days": Array [
      Object {
        "actual": 13,
        "day": 2018-07-31T05:00:00.000Z,
        "planned": 0,
      },
      Object {
        "actual": 13,
        "day": 2018-08-01T05:00:00.000Z,
        "planned": 0,
      },
      Object {
        "actual": 12,
        "day": 2018-08-02T05:00:00.000Z,
        "planned": 0,
      },
      Object {
        "actual": 15,
        "day": 2018-08-03T05:00:00.000Z,
        "planned": 0,
      },
      Object {
        "actual": 20,
        "day": 2018-08-04T05:00:00.000Z,
        "planned": 0,
      },
      Object {
        "actual": 15,
        "day": 2018-08-05T05:00:00.000Z,
        "planned": 0,
      },
    ],
    "part": "aaa-1",
  },
  Object {
    "days": Array [
      Object {
        "actual": 13,
        "day": 2018-07-31T05:00:00.000Z,
        "planned": 0,
      },
      Object {
        "actual": 13,
        "day": 2018-08-01T05:00:00.000Z,
        "planned": 0,
      },
      Object {
        "actual": 12,
        "day": 2018-08-02T05:00:00.000Z,
        "planned": 0,
      },
      Object {
        "actual": 15,
        "day": 2018-08-03T05:00:00.000Z,
        "planned": 0,
      },
      Object {
        "actual": 20,
        "day": 2018-08-04T05:00:00.000Z,
        "planned": 0,
      },
      Object {
        "actual": 15,
        "day": 2018-08-05T05:00:00.000Z,
        "planned": 0,
      },
    ],
    "part": "aaa-2",
  },
  Object {
    "days": Array [
      Object {
        "actual": 18,
        "day": 2018-07-31T05:00:00.000Z,
        "planned": 0,
      },
      Object {
        "actual": 19,
        "day": 2018-08-01T05:00:00.000Z,
        "planned": 0,
      },
      Object {
        "actual": 24,
        "day": 2018-08-02T05:00:00.000Z,
        "planned": 0,
      },
      Object {
        "actual": 21,
        "day": 2018-08-03T05:00:00.000Z,
        "planned": 0,
      },
      Object {
        "actual": 18,
        "day": 2018-08-04T05:00:00.000Z,
        "planned": 0,
      },
      Object {
        "actual": 0,
        "day": 2018-08-05T05:00:00.000Z,
        "planned": 0,
      },
    ],
    "part": "bbb-1",
  },
  Object {
    "days": Array [
      Object {
        "actual": 18,
        "day": 2018-07-31T05:00:00.000Z,
        "planned": 0,
      },
      Object {
        "actual": 19,
        "day": 2018-08-01T05:00:00.000Z,
        "planned": 0,
      },
      Object {
        "actual": 24,
        "day": 2018-08-02T05:00:00.000Z,
        "planned": 0,
      },
      Object {
        "actual": 21,
        "day": 2018-08-03T05:00:00.000Z,
        "planned": 0,
      },
      Object {
        "actual": 18,
        "day": 2018-08-04T05:00:00.000Z,
        "planned": 0,
      },
      Object {
        "actual": 0,
        "day": 2018-08-05T05:00:00.000Z,
        "planned": 0,
      },
    ],
    "part": "bbb-2",
  },
  Object {
    "days": Array [
      Object {
        "actual": 19,
        "day": 2018-07-31T05:00:00.000Z,
        "planned": 0,
      },
      Object {
        "actual": 20,
        "day": 2018-08-01T05:00:00.000Z,
        "planned": 0,
      },
      Object {
        "actual": 21,
        "day": 2018-08-02T05:00:00.000Z,
        "planned": 0,
      },
      Object {
        "actual": 18,
        "day": 2018-08-03T05:00:00.000Z,
        "planned": 0,
      },
      Object {
        "actual": 16,
        "day": 2018-08-04T05:00:00.000Z,
        "planned": 0,
      },
      Object {
        "actual": 0,
        "day": 2018-08-05T05:00:00.000Z,
        "planned": 0,
      },
    ],
    "part": "ccc-1",
  },
  Object {
    "days": Array [
      Object {
        "actual": 19,
        "day": 2018-07-31T05:00:00.000Z,
        "planned": 0,
      },
      Object {
        "actual": 20,
        "day": 2018-08-01T05:00:00.000Z,
        "planned": 0,
      },
      Object {
        "actual": 20,
        "day": 2018-08-02T05:00:00.000Z,
        "planned": 0,
      },
      Object {
        "actual": 19,
        "day": 2018-08-03T05:00:00.000Z,
        "planned": 0,
      },
      Object {
        "actual": 16,
        "day": 2018-08-04T05:00:00.000Z,
        "planned": 0,
      },
      Object {
        "actual": 0,
        "day": 2018-08-05T05:00:00.000Z,
        "planned": 0,
      },
    ],
    "part": "ccc-2",
  },
  Object {
    "days": Array [
      Object {
        "actual": 23,
        "day": 2018-07-31T05:00:00.000Z,
        "planned": 0,
      },
      Object {
        "actual": 25,
        "day": 2018-08-01T05:00:00.000Z,
        "planned": 0,
      },
      Object {
        "actual": 26,
        "day": 2018-08-02T05:00:00.000Z,
        "planned": 0,
      },
      Object {
        "actual": 23,
        "day": 2018-08-03T05:00:00.000Z,
        "planned": 0,
      },
      Object {
        "actual": 29,
        "day": 2018-08-04T05:00:00.000Z,
        "planned": 0,
      },
      Object {
        "actual": 48,
        "day": 2018-08-05T05:00:00.000Z,
        "planned": 0,
      },
    ],
    "part": "xxx-1",
  },
  Object {
    "days": Array [
      Object {
        "actual": 26,
        "day": 2018-07-31T05:00:00.000Z,
        "planned": 0,
      },
      Object {
        "actual": 30,
        "day": 2018-08-01T05:00:00.000Z,
        "planned": 0,
      },
      Object {
        "actual": 28,
        "day": 2018-08-02T05:00:00.000Z,
        "planned": 0,
      },
      Object {
        "actual": 26,
        "day": 2018-08-03T05:00:00.000Z,
        "planned": 0,
      },
      Object {
        "actual": 30,
        "day": 2018-08-04T05:00:00.000Z,
        "planned": 0,
      },
      Object {
        "actual": 40,
        "day": 2018-08-05T05:00:00.000Z,
        "planned": 0,
      },
    ],
    "part": "yyy-1",
  },
  Object {
    "days": Array [
      Object {
        "actual": 10,
        "day": 2018-07-31T05:00:00.000Z,
        "planned": 0,
      },
      Object {
        "actual": 9,
        "day": 2018-08-01T05:00:00.000Z,
        "planned": 0,
      },
      Object {
        "actual": 9,
        "day": 2018-08-02T05:00:00.000Z,
        "planned": 0,
      },
      Object {
        "actual": 9,
        "day": 2018-08-03T05:00:00.000Z,
        "planned": 0,
      },
      Object {
        "actual": 9,
        "day": 2018-08-04T05:00:00.000Z,
        "planned": 0,
      },
      Object {
        "actual": 13,
        "day": 2018-08-05T05:00:00.000Z,
        "planned": 0,
      },
    ],
    "part": "zzz-1",
  },
]
`;
