// Jest Snapshot v1, https://goo.gl/fbAQLP

exports[`renders the cost/piece page: calculated costs 1`] = `
<table
  class="MuiTable-root-146"
  data-testid="part-cost-table"
  padding="default"
>
  <thead
    class="MuiTableHead-root-147"
  >
    <tr
      class="MuiTableRow-root-148 MuiTableRow-head-151"
    >
      <th
        class="MuiTableCell-root-153 MuiTableCell-head-154"
        scope="col"
      >
        Part
      </th>
      <th
        class="MuiTableCell-root-153 MuiTableCell-head-154"
        scope="col"
      >
        Material Cost
      </th>
      <th
        class="MuiTableCell-root-153 MuiTableCell-head-154"
        scope="col"
      >
        Machine Cost
      </th>
      <th
        class="MuiTableCell-root-153 MuiTableCell-head-154"
        scope="col"
      >
        Labor Cost
      </th>
      <th
        class="MuiTableCell-root-153 MuiTableCell-head-154"
        scope="col"
      >
        Total
      </th>
    </tr>
  </thead>
  <tbody
    class="MuiTableBody-root-161"
  >
    <tr
      class="MuiTableRow-root-148"
    >
      <td
        class="MuiTableCell-root-153 MuiTableCell-body-155"
      >
        aaa
      </td>
      <td
        class="MuiTableCell-root-153 MuiTableCell-body-155"
      >
        <div
          class="MuiFormControl-root-78"
        >
          <div
            class="MuiInput-root-82 MuiInput-formControl-83 MuiInput-underline-86"
          >
            <input
              aria-invalid="false"
              class="MuiInput-input-90 MuiInput-inputType-93"
              min="0"
              type="number"
              value="40"
            />
          </div>
        </div>
      </td>
      <td
        class="MuiTableCell-root-153 MuiTableCell-body-155"
      >
        0.4
      </td>
      <td
        class="MuiTableCell-root-153 MuiTableCell-body-155"
      >
        33
      </td>
      <td
        class="MuiTableCell-root-153 MuiTableCell-body-155"
      >
        73.5
      </td>
    </tr>
    <tr
      class="MuiTableRow-root-148"
    >
      <td
        class="MuiTableCell-root-153 MuiTableCell-body-155"
      >
        bbb
      </td>
      <td
        class="MuiTableCell-root-153 MuiTableCell-body-155"
      >
        <div
          class="MuiFormControl-root-78"
        >
          <div
            class="MuiInput-root-82 MuiInput-formControl-83 MuiInput-underline-86"
          >
            <input
              aria-invalid="false"
              class="MuiInput-input-90 MuiInput-inputType-93"
              min="0"
              type="number"
              value="0"
            />
          </div>
        </div>
      </td>
      <td
        class="MuiTableCell-root-153 MuiTableCell-body-155"
      >
        0.5
      </td>
      <td
        class="MuiTableCell-root-153 MuiTableCell-body-155"
      >
        33.1
      </td>
      <td
        class="MuiTableCell-root-153 MuiTableCell-body-155"
      >
        33.6
      </td>
    </tr>
    <tr
      class="MuiTableRow-root-148"
    >
      <td
        class="MuiTableCell-root-153 MuiTableCell-body-155"
      >
        ccc
      </td>
      <td
        class="MuiTableCell-root-153 MuiTableCell-body-155"
      >
        <div
          class="MuiFormControl-root-78"
        >
          <div
            class="MuiInput-root-82 MuiInput-formControl-83 MuiInput-underline-86"
          >
            <input
              aria-invalid="false"
              class="MuiInput-input-90 MuiInput-inputType-93"
              min="0"
              type="number"
              value="0"
            />
          </div>
        </div>
      </td>
      <td
        class="MuiTableCell-root-153 MuiTableCell-body-155"
      >
        1.1
      </td>
      <td
        class="MuiTableCell-root-153 MuiTableCell-body-155"
      >
        32.8
      </td>
      <td
        class="MuiTableCell-root-153 MuiTableCell-body-155"
      >
        34
      </td>
    </tr>
    <tr
      class="MuiTableRow-root-148"
    >
      <td
        class="MuiTableCell-root-153 MuiTableCell-body-155"
      >
        xxx
      </td>
      <td
        class="MuiTableCell-root-153 MuiTableCell-body-155"
      >
        <div
          class="MuiFormControl-root-78"
        >
          <div
            class="MuiInput-root-82 MuiInput-formControl-83 MuiInput-underline-86"
          >
            <input
              aria-invalid="false"
              class="MuiInput-input-90 MuiInput-inputType-93"
              min="0"
              type="number"
              value="0"
            />
          </div>
        </div>
      </td>
      <td
        class="MuiTableCell-root-153 MuiTableCell-body-155"
      >
        0.7
      </td>
      <td
        class="MuiTableCell-root-153 MuiTableCell-body-155"
      >
        17.2
      </td>
      <td
        class="MuiTableCell-root-153 MuiTableCell-body-155"
      >
        17.9
      </td>
    </tr>
    <tr
      class="MuiTableRow-root-148"
    >
      <td
        class="MuiTableCell-root-153 MuiTableCell-body-155"
      >
        yyy
      </td>
      <td
        class="MuiTableCell-root-153 MuiTableCell-body-155"
      >
        <div
          class="MuiFormControl-root-78"
        >
          <div
            class="MuiInput-root-82 MuiInput-formControl-83 MuiInput-underline-86"
          >
            <input
              aria-invalid="false"
              class="MuiInput-input-90 MuiInput-inputType-93"
              min="0"
              type="number"
              value="0"
            />
          </div>
        </div>
      </td>
      <td
        class="MuiTableCell-root-153 MuiTableCell-body-155"
      >
        2
      </td>
      <td
        class="MuiTableCell-root-153 MuiTableCell-body-155"
      >
        34.3
      </td>
      <td
        class="MuiTableCell-root-153 MuiTableCell-body-155"
      >
        36.3
      </td>
    </tr>
    <tr
      class="MuiTableRow-root-148"
    >
      <td
        class="MuiTableCell-root-153 MuiTableCell-body-155"
      >
        zzz
      </td>
      <td
        class="MuiTableCell-root-153 MuiTableCell-body-155"
      >
        <div
          class="MuiFormControl-root-78"
        >
          <div
            class="MuiInput-root-82 MuiInput-formControl-83 MuiInput-underline-86"
          >
            <input
              aria-invalid="false"
              class="MuiInput-input-90 MuiInput-inputType-93"
              min="0"
              type="number"
              value="0"
            />
          </div>
        </div>
      </td>
      <td
        class="MuiTableCell-root-153 MuiTableCell-body-155"
      >
        3.1
      </td>
      <td
        class="MuiTableCell-root-153 MuiTableCell-body-155"
      >
        17.1
      </td>
      <td
        class="MuiTableCell-root-153 MuiTableCell-body-155"
      >
        20.3
      </td>
    </tr>
  </tbody>
</table>
`;
